#,,,,,"generated_by='OpenQuake engine 3.17.0-gitc157a3bc4c', start_date='2023-04-24T09:33:14', checksum=1092853671"
rlz_id,retention,claim,Ces_Col,Fac_Col,Cat_Col
0,1.38127E+06,1.43490E+07,1.29678E+07,0.00000E+00,0.00000E+00
1,8.81669E+05,9.54120E+06,8.65953E+06,0.00000E+00,0.00000E+00
2,1.04141E+06,1.09142E+07,9.87281E+06,0.00000E+00,0.00000E+00
