+--------------+
| structural   |
+--------------+
| 1.328673E+07 |
+--------------+