taxonomy,structural
RM,7.78026E+01
RC+,2.37504E+02
