#,,"generated_by='OpenQuake engine 3.17.0-git5a0c6541e3', start_date='2023-05-17T05:56:46', checksum=2590104316, investigation_time=None, risk_investigation_time=None"
loss_type,loss_value,loss_ratio
structural,1.77770E+06,1.72908E-03
