#,,,"generated_by='OpenQuake engine 3.17.0-gitc157a3bc4c', start_date='2023-04-24T09:32:50', checksum=3987330109, investigation_time=None, risk_investigation_time=None"
loss_type,rlz_id,no_damage,complete
structural,0,3.33484E+02,2.51600E+00
structural,1,3.35123E+02,8.77000E-01
structural,2,3.34220E+02,1.78000E+00
