#,,,,"generated_by='OpenQuake engine 3.17.0-git0e90046862', start_date='2023-04-28T09:24:55', checksum=629049177"
return_period,loss_type,loss,stat,NAME_1
5,contents,0.0,mean,Mid-Western
5,contents,0.0,quantile-0.15,Mid-Western
5,contents,0.0,quantile-0.85,Mid-Western
5,structural,0.0,mean,Mid-Western
5,structural,0.0,quantile-0.15,Mid-Western
5,structural,0.0,quantile-0.85,Mid-Western
5,structural+contents,0.0,mean,Mid-Western
5,structural+contents,0.0,quantile-0.15,Mid-Western
5,structural+contents,0.0,quantile-0.85,Mid-Western
10,contents,0.0,mean,Mid-Western
10,contents,0.0,quantile-0.15,Mid-Western
10,contents,0.0,quantile-0.85,Mid-Western
10,structural,0.0,mean,Mid-Western
10,structural,0.0,quantile-0.15,Mid-Western
10,structural,0.0,quantile-0.85,Mid-Western
10,structural+contents,0.0,mean,Mid-Western
10,structural+contents,0.0,quantile-0.15,Mid-Western
10,structural+contents,0.0,quantile-0.85,Mid-Western
20,contents,0.0,mean,Mid-Western
20,contents,0.0,quantile-0.15,Mid-Western
20,contents,0.0,quantile-0.85,Mid-Western
20,structural,0.0,mean,Mid-Western
20,structural,0.0,quantile-0.15,Mid-Western
20,structural,0.0,quantile-0.85,Mid-Western
20,structural+contents,0.0,mean,Mid-Western
20,structural+contents,0.0,quantile-0.15,Mid-Western
20,structural+contents,0.0,quantile-0.85,Mid-Western
50,contents,0.0,mean,Mid-Western
50,contents,0.0,quantile-0.15,Mid-Western
50,contents,0.0,quantile-0.85,Mid-Western
50,structural,0.0,mean,Mid-Western
50,structural,0.0,quantile-0.15,Mid-Western
50,structural,0.0,quantile-0.85,Mid-Western
50,structural+contents,0.0,mean,Mid-Western
50,structural+contents,0.0,quantile-0.15,Mid-Western
50,structural+contents,0.0,quantile-0.85,Mid-Western
100,contents,0.0,mean,Mid-Western
100,contents,0.0,quantile-0.15,Mid-Western
100,contents,0.0,quantile-0.85,Mid-Western
100,structural,0.0,mean,Mid-Western
100,structural,0.0,quantile-0.15,Mid-Western
100,structural,0.0,quantile-0.85,Mid-Western
100,structural+contents,930.15439453125,mean,Mid-Western
100,structural+contents,57.41693793402776,quantile-0.15,Mid-Western
100,structural+contents,861.2540690104165,quantile-0.85,Mid-Western
200,contents,0.0,mean,Mid-Western
200,contents,0.0,quantile-0.15,Mid-Western
200,contents,0.0,quantile-0.85,Mid-Western
200,structural,1450.7725830078125,mean,Mid-Western
200,structural,1266.6307101779514,quantile-0.15,Mid-Western
200,structural,1436.2350667317708,quantile-0.85,Mid-Western
200,structural+contents,1607.8356811523438,mean,Mid-Western
200,structural+contents,1565.5721232096355,quantile-0.15,Mid-Western
200,structural+contents,1604.4990844726562,quantile-0.85,Mid-Western
500,contents,1600.2949951171877,mean,Mid-Western
500,contents,1598.154052734375,quantile-0.15,Mid-Western
500,contents,1598.154052734375,quantile-0.85,Mid-Western
500,structural,2651.5934082031254,mean,Mid-Western
500,structural,2637.9609375,quantile-0.15,Mid-Western
500,structural,2637.9609375,quantile-0.85,Mid-Western
500,structural+contents,4494.813134765625,mean,Mid-Western
500,structural+contents,4122.829996744792,quantile-0.15,Mid-Western
500,structural+contents,4465.446044921875,quantile-0.85,Mid-Western
1000,contents,3807.7590087890626,mean,Mid-Western
1000,contents,3632.831393771701,quantile-0.15,Mid-Western
1000,contents,3793.948933919271,quantile-0.85,Mid-Western
1000,structural,3924.247338867188,mean,Mid-Western
1000,structural,3849.864013671875,quantile-0.15,Mid-Western
1000,structural,3849.864013671875,quantile-0.85,Mid-Western
1000,structural+contents,7053.734130859376,mean,Mid-Western
1000,structural+contents,7034.96484375,quantile-0.15,Mid-Western
1000,structural+contents,7034.96484375,quantile-0.85,Mid-Western
2000,contents,6909.415869140625,mean,Mid-Western
2000,contents,5823.697401258681,quantile-0.15,Mid-Western
2000,contents,6823.701253255208,quantile-0.85,Mid-Western
2000,structural,6219.327587890625,mean,Mid-Western
2000,structural,6042.220621744792,quantile-0.15,Mid-Western
2000,structural,6205.345458984375,quantile-0.85,Mid-Western
2000,structural+contents,12809.354687500001,mean,Mid-Western
2000,structural+contents,12688.305555555555,quantile-0.15,Mid-Western
2000,structural+contents,12799.798177083334,quantile-0.85,Mid-Western
5000,contents,10954.272558593751,mean,Mid-Western
5000,contents,9141.950466579861,quantile-0.15,Mid-Western
5000,contents,10811.194498697916,quantile-0.85,Mid-Western
5000,structural,7403.4048828125,mean,Mid-Western
5000,structural,7236.095703125,quantile-0.15,Mid-Western
5000,structural,7236.095703125,quantile-0.85,Mid-Western
5000,structural+contents,18072.69287109375,mean,Mid-Western
5000,structural+contents,15283.251247829861,quantile-0.15,Mid-Western
5000,structural+contents,17852.473795572918,quantile-0.85,Mid-Western
10000,contents,13865.582421875,mean,Mid-Western
10000,contents,9365.241102430555,quantile-0.15,Mid-Western
10000,contents,13510.292317708334,quantile-0.85,Mid-Western
10000,structural,10113.678906250001,mean,Mid-Western
10000,structural,9833.765625,quantile-0.15,Mid-Western
10000,structural,9833.765625,quantile-0.85,Mid-Western
10000,structural+contents,20890.87734375,mean,Mid-Western
10000,structural+contents,20805.90625,quantile-0.15,Mid-Western
10000,structural+contents,20805.90625,quantile-0.85,Mid-Western
5,contents,0.0,mean,Far-Western
5,contents,0.0,quantile-0.15,Far-Western
5,contents,0.0,quantile-0.85,Far-Western
5,structural,0.0,mean,Far-Western
5,structural,0.0,quantile-0.15,Far-Western
5,structural,0.0,quantile-0.85,Far-Western
5,structural+contents,0.0,mean,Far-Western
5,structural+contents,0.0,quantile-0.15,Far-Western
5,structural+contents,0.0,quantile-0.85,Far-Western
10,contents,0.0,mean,Far-Western
10,contents,0.0,quantile-0.15,Far-Western
10,contents,0.0,quantile-0.85,Far-Western
10,structural,0.0,mean,Far-Western
10,structural,0.0,quantile-0.15,Far-Western
10,structural,0.0,quantile-0.85,Far-Western
10,structural+contents,0.0,mean,Far-Western
10,structural+contents,0.0,quantile-0.15,Far-Western
10,structural+contents,0.0,quantile-0.85,Far-Western
20,contents,0.0,mean,Far-Western
20,contents,0.0,quantile-0.15,Far-Western
20,contents,0.0,quantile-0.85,Far-Western
20,structural,0.0,mean,Far-Western
20,structural,0.0,quantile-0.15,Far-Western
20,structural,0.0,quantile-0.85,Far-Western
20,structural+contents,0.0,mean,Far-Western
20,structural+contents,0.0,quantile-0.15,Far-Western
20,structural+contents,0.0,quantile-0.85,Far-Western
50,contents,0.0,mean,Far-Western
50,contents,0.0,quantile-0.15,Far-Western
50,contents,0.0,quantile-0.85,Far-Western
50,structural,0.0,mean,Far-Western
50,structural,0.0,quantile-0.15,Far-Western
50,structural,0.0,quantile-0.85,Far-Western
50,structural+contents,0.0,mean,Far-Western
50,structural+contents,0.0,quantile-0.15,Far-Western
50,structural+contents,0.0,quantile-0.85,Far-Western
100,contents,0.0,mean,Far-Western
100,contents,0.0,quantile-0.15,Far-Western
100,contents,0.0,quantile-0.85,Far-Western
100,structural,107.84776611328125,mean,Far-Western
100,structural,0.0,quantile-0.15,Far-Western
100,structural,0.0,quantile-0.85,Far-Western
100,structural+contents,107.84776611328125,mean,Far-Western
100,structural+contents,0.0,quantile-0.15,Far-Western
100,structural+contents,0.0,quantile-0.85,Far-Western
200,contents,0.0,mean,Far-Western
200,contents,0.0,quantile-0.15,Far-Western
200,contents,0.0,quantile-0.85,Far-Western
200,structural,1787.0546020507813,mean,Far-Western
200,structural,1783.3096923828125,quantile-0.15,Far-Western
200,structural,1783.3096923828125,quantile-0.85,Far-Western
200,structural+contents,1836.59072265625,mean,Far-Western
200,structural+contents,1817.6220703125,quantile-0.15,Far-Western
200,structural+contents,1817.6220703125,quantile-0.85,Far-Western
500,contents,1494.9943359375,mean,Far-Western
500,contents,1416.0313585069443,quantile-0.15,Far-Western
500,contents,1488.7604166666667,quantile-0.85,Far-Western
500,structural,3081.806494140625,mean,Far-Western
500,structural,3058.002685546875,quantile-0.15,Far-Western
500,structural,3058.002685546875,quantile-0.85,Far-Western
500,structural+contents,4161.481542968751,mean,Far-Western
500,structural+contents,4148.943359375,quantile-0.15,Far-Western
500,structural+contents,4148.943359375,quantile-0.85,Far-Western
1000,contents,2472.5006347656254,mean,Far-Western
1000,contents,2347.287109375,quantile-0.15,Far-Western
1000,contents,2347.287109375,quantile-0.85,Far-Western
1000,structural,5152.534521484375,mean,Far-Western
1000,structural,4961.79931640625,quantile-0.15,Far-Western
1000,structural,4961.79931640625,quantile-0.85,Far-Western
1000,structural+contents,7637.483837890626,mean,Far-Western
1000,structural+contents,7433.06787109375,quantile-0.15,Far-Western
1000,structural+contents,7433.06787109375,quantile-0.85,Far-Western
2000,contents,3867.7056884765625,mean,Far-Western
2000,contents,3282.749267578125,quantile-0.15,Far-Western
2000,contents,3282.749267578125,quantile-0.85,Far-Western
2000,structural,6431.007812500001,mean,Far-Western
2000,structural,6079.203125,quantile-0.15,Far-Western
2000,structural,6079.203125,quantile-0.85,Far-Western
2000,structural+contents,10628.8328125,mean,Far-Western
2000,structural+contents,9761.529296875,quantile-0.15,Far-Western
2000,structural+contents,9761.529296875,quantile-0.85,Far-Western
5000,contents,6122.636035156251,mean,Far-Western
5000,contents,5654.4296875,quantile-0.15,Far-Western
5000,contents,5654.4296875,quantile-0.85,Far-Western
5000,structural,7553.90966796875,mean,Far-Western
5000,structural,7164.6884765625,quantile-0.15,Far-Western
5000,structural,7164.6884765625,quantile-0.85,Far-Western
5000,structural+contents,12740.19296875,mean,Far-Western
5000,structural+contents,11733.6328125,quantile-0.15,Far-Western
5000,structural+contents,11733.6328125,quantile-0.85,Far-Western
10000,contents,8629.611669921876,mean,Far-Western
10000,contents,8029.76708984375,quantile-0.15,Far-Western
10000,contents,8029.76708984375,quantile-0.85,Far-Western
10000,structural,11336.8607421875,mean,Far-Western
10000,structural,11322.8740234375,quantile-0.15,Far-Western
10000,structural,11322.8740234375,quantile-0.85,Far-Western
10000,structural+contents,19779.9228515625,mean,Far-Western
10000,structural+contents,19352.640625,quantile-0.15,Far-Western
10000,structural+contents,19352.640625,quantile-0.85,Far-Western
