+--------+-------------+
| rlz_id | structural  |
+--------+-------------+
| 0      | 5.05354E+06 |
+--------+-------------+